mode: set
github.com/mateothegreat/go-config/builder.go:24.50,26.2 1 1
github.com/mateothegreat/go-config/builder.go:29.59,36.2 4 1
github.com/mateothegreat/go-config/builder.go:46.63,49.2 2 0
github.com/mateothegreat/go-config/builder.go:58.68,61.2 2 0
github.com/mateothegreat/go-config/builder.go:70.50,77.32 5 1
github.com/mateothegreat/go-config/builder.go:77.32,79.17 2 1
github.com/mateothegreat/go-config/builder.go:79.17,81.4 1 0
github.com/mateothegreat/go-config/builder.go:82.3,82.16 1 1
github.com/mateothegreat/go-config/builder.go:85.2,85.42 1 1
github.com/mateothegreat/go-config/config.go:25.48,29.2 1 1
github.com/mateothegreat/go-config/config.go:31.49,35.2 3 1
github.com/mateothegreat/go-config/config.go:37.46,41.2 3 0
github.com/mateothegreat/go-config/config.go:43.51,47.2 3 1
github.com/mateothegreat/go-config/config.go:49.57,55.33 4 1
github.com/mateothegreat/go-config/config.go:55.33,56.17 1 1
github.com/mateothegreat/go-config/config.go:56.17,58.12 2 0
github.com/mateothegreat/go-config/config.go:60.3,61.17 2 1
github.com/mateothegreat/go-config/config.go:61.17,63.12 2 0
github.com/mateothegreat/go-config/config.go:65.3,65.26 1 1
github.com/mateothegreat/go-config/config.go:65.26,67.4 1 1
github.com/mateothegreat/go-config/config.go:70.2,70.24 1 1
github.com/mateothegreat/go-config/config.go:70.24,72.3 1 0
github.com/mateothegreat/go-config/config.go:74.2,74.64 1 1
github.com/mateothegreat/go-config/config.go:74.64,77.3 2 0
github.com/mateothegreat/go-config/config.go:79.2,79.25 1 1
github.com/mateothegreat/go-config/config.go:79.25,80.58 1 0
github.com/mateothegreat/go-config/config.go:80.58,83.4 2 0
github.com/mateothegreat/go-config/config.go:86.2,86.24 1 1
github.com/mateothegreat/go-config/config.go:86.24,88.3 1 0
github.com/mateothegreat/go-config/config.go:90.2,90.12 1 1
github.com/mateothegreat/go-config/config.go:94.44,98.33 4 0
github.com/mateothegreat/go-config/config.go:98.33,100.3 1 0
github.com/mateothegreat/go-config/config.go:101.2,101.14 1 0
github.com/mateothegreat/go-config/config.go:105.50,109.2 3 0
github.com/mateothegreat/go-config/config.go:111.42,115.2 3 0
github.com/mateothegreat/go-config/config.go:117.74,121.38 3 0
github.com/mateothegreat/go-config/config.go:121.38,124.16 3 0
github.com/mateothegreat/go-config/config.go:124.16,126.4 1 0
github.com/mateothegreat/go-config/config.go:127.3,127.51 1 0
github.com/mateothegreat/go-config/config.go:127.51,129.4 1 0
github.com/mateothegreat/go-config/config.go:131.2,131.12 1 0
github.com/mateothegreat/go-config/config.go:134.61,136.46 2 1
github.com/mateothegreat/go-config/config.go:136.46,138.3 1 0
github.com/mateothegreat/go-config/config.go:139.2,142.38 3 1
github.com/mateothegreat/go-config/config.go:142.38,145.16 3 1
github.com/mateothegreat/go-config/config.go:145.16,147.4 1 0
github.com/mateothegreat/go-config/config.go:148.3,148.31 1 1
github.com/mateothegreat/go-config/config.go:148.31,150.22 2 1
github.com/mateothegreat/go-config/config.go:150.22,151.13 1 0
github.com/mateothegreat/go-config/config.go:154.4,154.63 1 1
github.com/mateothegreat/go-config/config.go:154.63,156.5 1 0
github.com/mateothegreat/go-config/config.go:159.2,159.12 1 1
github.com/mateothegreat/go-config/config.go:162.73,167.39 3 1
github.com/mateothegreat/go-config/config.go:167.39,170.3 2 1
github.com/mateothegreat/go-config/config.go:173.2,173.40 1 1
github.com/mateothegreat/go-config/config.go:173.40,176.3 2 1
github.com/mateothegreat/go-config/config.go:179.2,179.34 1 0
github.com/mateothegreat/go-config/config.go:179.34,182.26 2 0
github.com/mateothegreat/go-config/config.go:183.79,184.87 1 0
github.com/mateothegreat/go-config/config.go:184.87,187.5 2 0
github.com/mateothegreat/go-config/config.go:188.84,189.89 1 0
github.com/mateothegreat/go-config/config.go:189.89,192.5 2 0
github.com/mateothegreat/go-config/config.go:193.41,194.87 1 0
github.com/mateothegreat/go-config/config.go:194.87,197.5 2 0
github.com/mateothegreat/go-config/config.go:198.21,199.61 1 0
github.com/mateothegreat/go-config/config.go:199.61,202.5 2 0
github.com/mateothegreat/go-config/config.go:203.23,205.14 2 0
github.com/mateothegreat/go-config/config.go:209.2,209.113 1 0
github.com/mateothegreat/go-config/plugin.go:12.82,14.2 1 1
github.com/mateothegreat/go-config/plugin.go:24.64,26.9 2 1
github.com/mateothegreat/go-config/plugin.go:26.9,28.3 1 0
github.com/mateothegreat/go-config/plugin.go:29.2,29.22 1 1
github.com/mateothegreat/go-config/plugin.go:36.29,38.26 2 0
github.com/mateothegreat/go-config/plugin.go:38.26,40.3 1 0
github.com/mateothegreat/go-config/plugin.go:41.2,41.13 1 0
